Renesas Optimizing Linker (W2.06.00 )             02-Aug-2017 00:02:23

*** Options ***

-subcommand=LinkerSubCommand.tmp
-input="./src/cg_src/Navi.obj"
-input="./src/cg_src/data_transfer.obj"
-input="./src/cg_src/r_cg_cgc.obj"
-input="./src/cg_src/r_cg_cgc_user.obj"
-input="./src/cg_src/r_cg_cmt.obj"
-input="./src/cg_src/r_cg_cmt_user.obj"
-input="./src/cg_src/r_cg_dbsct.obj"
-input="./src/cg_src/r_cg_hardware_setup.obj"
-input="./src/cg_src/r_cg_intprg.obj"
-input="./src/cg_src/r_cg_main.obj"
-input="./src/cg_src/r_cg_mtu3.obj"
-input="./src/cg_src/r_cg_mtu3_user.obj"
-input="./src/cg_src/r_cg_port.obj"
-input="./src/cg_src/r_cg_port_user.obj"
-input="./src/cg_src/r_cg_resetprg.obj"
-input="./src/cg_src/r_cg_sbrk.obj"
-input="./src/cg_src/r_cg_sci.obj"
-input="./src/cg_src/r_cg_sci_user.obj"
-input="./src/cg_src/r_cg_vecttbl.obj"
-start=SU,SI,B_1,R_1,B_2,R_2,B,R/04,PResetPRG,C_1,C_2,C,C$*,D*,W*,L,PIntPRG,P/0FFFE0000,EXCEPTVECT/0FFFFFF80,RESETVECT/0FFFFFFFC
-library=D:\RX23T\NAVI_R~1\HARDWA~2\RX23T.lib
-noprelink
-list=RX23T.map
-show
-nooptimize
-debug
-output=D:\RX23T\Navi_RX23T\HardwareDebug\RX23T.abs
-rom=D=R,D_1=R_1,D_2=R_2
-nocompress
-nomessage
-nologo

*** Error information ***

*** Mapping List ***

SECTION                            START      END         SIZE   ALIGN

SU
                                  00000004  00000103       100   4
SI
                                  00000104  00000403       300   4
B_1
                                  00000404  0000040f         c   1
R_1
                                  00000410  00000433        24   1
B_2
                                  00000434  00000857       424   2
R_2
                                  00000858  00000858         0   1
B
                                  00000858  0000086f        18   4
R
                                  00000870  00000873         4   4
PResetPRG
                                  fffe0000  fffe003d        3e   1
C_1
                                  fffe003e  fffe003e         0   1
C_2
                                  fffe003e  fffe003e         0   1
C
                                  fffe0040  fffe0073        34   4
C$DSEC
                                  fffe0074  fffe0097        24   4
C$BSEC
                                  fffe0098  fffe00af        18   4
C$INIT
                                  fffe00b0  fffe00b0         0   1
C$VECT
                                  fffe00b0  fffe04af       400   4
C$VTBL
                                  fffe04b0  fffe04b0         0   1
D_1
                                  fffe04b0  fffe04d3        24   1
D
                                  fffe04d4  fffe04d7         4   4
D_2
                                  fffe04d8  fffe04d8         0   1
W
                                  fffe04d8  fffe04d8         0   1
W_1
                                  fffe04d8  fffe04d8         0   1
W_2
                                  fffe04d8  fffe04d8         0   1
L
                                  fffe04d8  fffe04d8         0   1
PIntPRG
                                  fffe04d8  fffe04e5         e   1
P
                                  fffe04e6  fffe0c30       74b   1
EXCEPTVECT
                                  ffffff80  fffffffb        7c   4
RESETVECT
                                  fffffffc  ffffffff         4   4

*** Symbol List ***

SECTION=
FILE=                               START        END    SIZE
  SYMBOL                            ADDR        SIZE    INFO      COUNTS  OPT

SECTION=SU
FILE=.\src\cg_src\r_cg_resetprg.obj
                                  00000004  00000103       100

SECTION=SI
FILE=.\src\cg_src\r_cg_resetprg.obj
                                  00000104  00000403       300

SECTION=B_1
FILE=.\src\cg_src\Navi.obj
                                  00000404  00000404         1
  _f_info
                                  00000404         1   data ,g         1
FILE=.\src\cg_src\r_cg_sci_user.obj
                                  00000405  0000040f         b
  _RxBuffer
                                  00000405         a   data ,g         1
  _Com_Data
                                  0000040f         1   data ,g         2

SECTION=R_1
FILE=.\src\cg_src\Navi.obj
                                  00000410  00000421        12
  _Tx_buffer
                                  00000410         b   data ,g         0
  _Tx_buffer$1
                                  0000041b         7   data ,l         1
FILE=.\src\cg_src\r_cg_main.obj
                                  00000422  00000430         f
  _SCI_Send_Data
                                  00000422         f   data ,g         0
FILE=.\src\cg_src\r_cg_sci_user.obj
                                  00000431  00000433         3
  __data_len$1
                                  00000431         1   data ,l         1
  __data_cnt$2
                                  00000432         1   data ,l         1
  _state$3
                                  00000433         1   data ,l         1

SECTION=B_2
FILE=.\src\cg_src\r_cg_cmt_user.obj
                                  00000434  0000044b        18
  _loop
                                  00000434        18   data ,g         2
FILE=.\src\cg_src\r_cg_sbrk.obj
                                  0000044c  0000084b       400
  _heap_area
                                  0000044c       400   data ,l         2
FILE=.\src\cg_src\r_cg_sci.obj
                                  0000084c  00000857         c
  _g_sci1_tx_count
                                  0000084c         2   data ,g         2
  _g_sci1_rx_count
                                  0000084e         2   data ,g         2
  _g_sci1_rx_length
                                  00000850         2   data ,g         2
  _g_sci5_tx_count
                                  00000852         2   data ,g         2
  _g_sci5_rx_count
                                  00000854         2   data ,g         2
  _g_sci5_rx_length
                                  00000856         2   data ,g         2

SECTION=B
FILE=.\src\cg_src\Navi.obj
                                  00000858  0000085f         8
  _cnt$2
                                  00000858         4   data ,l         1
  _led_f$3
                                  0000085c         4   data ,l         1
FILE=.\src\cg_src\r_cg_sci.obj
                                  00000860  0000086f        10
  _gp_sci1_tx_address
                                  00000860         4   data ,g         2
  _gp_sci1_rx_address
                                  00000864         4   data ,g         2
  _gp_sci5_tx_address
                                  00000868         4   data ,g         2
  _gp_sci5_rx_address
                                  0000086c         4   data ,g         2

SECTION=R
FILE=.\src\cg_src\r_cg_sbrk.obj
                                  00000870  00000873         4
  _brk
                                  00000870         4   data ,l         1

SECTION=PResetPRG
FILE=.\src\cg_src\r_cg_resetprg.obj
                                  fffe0000  fffe003d        3e
  _PowerON_Reset_PC
                                  fffe0000        3e   entry,g         1

SECTION=C
FILE=.\src\cg_src\r_cg_dbsct.obj
                                  fffe0040  fffe0073        34
  __CTBL
                                  fffe0040        34   data ,g         0

SECTION=C$DSEC
FILE=.\src\cg_src\r_cg_dbsct.obj
                                  fffe0074  fffe0097        24
  __DTBL
                                  fffe0074        24   data ,g         0

SECTION=C$BSEC
FILE=.\src\cg_src\r_cg_dbsct.obj
                                  fffe0098  fffe00af        18
  __BTBL
                                  fffe0098        18   data ,g         0

SECTION=C$VECT
FILE=.\src\cg_src\r_cg_dbsct.obj
                                  fffe00b0  fffe04af       400

SECTION=D_1
FILE=.\src\cg_src\Navi.obj
                                  fffe04b0  fffe04c1        12
FILE=.\src\cg_src\r_cg_main.obj
                                  fffe04c2  fffe04d0         f
FILE=.\src\cg_src\r_cg_sci_user.obj
                                  fffe04d1  fffe04d3         3

SECTION=D
FILE=.\src\cg_src\r_cg_sbrk.obj
                                  fffe04d4  fffe04d7         4

SECTION=PIntPRG
FILE=.\src\cg_src\r_cg_intprg.obj
                                  fffe04d8  fffe04e5         e
  _r_undefined_exception
                                  fffe04d8         2   func ,g         1
  _r_privileged_exception
                                  fffe04da         2   func ,g         1
  _r_floatingpoint_exception
                                  fffe04dc         2   func ,g         1
  _r_access_exception
                                  fffe04de         2   func ,g         1
  _r_reserved_exception
                                  fffe04e0         2   func ,g        13
  _r_nmi_exception
                                  fffe04e2         2   func ,g         1
  _r_brk_exception
                                  fffe04e4         2   func ,g         0

SECTION=P
FILE=.\src\cg_src\Navi.obj
                                  fffe04e6  fffe0541        5c
  _Navigate
                                  fffe04e6         1   func ,g         1
  _Duty_1ms
                                  fffe04e7         1   func ,g         1
  _Duty_2ms
                                  fffe04e8        18   func ,g         1
  _Duty_5ms
                                  fffe0500         1   func ,g         1
  _Duty_10ms
                                  fffe0501         1   func ,g         1
  _Duty_20ms
                                  fffe0502         1   func ,g         1
  _Duty_50ms
                                  fffe0503         1   func ,g         1
  _Duty_1s
                                  fffe0504         1   func ,g         1
  _Duty_2s
                                  fffe0505         1   func ,g         1
  _indicate_LED
                                  fffe0506        3c   func ,g         1
FILE=.\src\cg_src\data_transfer.obj
                                  fffe0542  fffe0595        54
  _Data_Receive_Anl
                                  fffe0542        54   func ,g         1
FILE=.\src\cg_src\r_cg_cgc.obj
                                  fffe0596  fffe05e1        4c
  _R_CGC_Create
                                  fffe0596        4c   func ,g         1
FILE=.\src\cg_src\r_cg_cmt.obj
                                  fffe05e2  fffe0634        53
  _R_CMT0_Create
                                  fffe05e2        2a   func ,g         1
  _R_CMT0_Start
                                  fffe060c        13   func ,g         1
  _R_CMT0_Stop
                                  fffe061f        16   func ,g         0
FILE=.\src\cg_src\r_cg_cmt_user.obj
                                  fffe0635  fffe0704        d0
  _r_cmt_cmi0_interrupt
                                  fffe0635         d   func ,l         0
  _Loop_check
                                  fffe0642        4a   func ,g         1
  _Duty_Loop
                                  fffe068c        79   func ,g         1
FILE=.\src\cg_src\r_cg_hardware_setup.obj
                                  fffe0705  fffe073d        39
  _R_Systeminit
                                  fffe0705        37   func ,g         1
  _HardwareSetup
                                  fffe073c         2   func ,g         1
FILE=.\src\cg_src\r_cg_main.obj
                                  fffe073e  fffe0762        25
  _main
                                  fffe073e         d   func ,g         1
  _R_MAIN_UserInit
                                  fffe074b        18   func ,l         1
FILE=.\src\cg_src\r_cg_mtu3.obj
                                  fffe0763  fffe07dd        7b
  _R_MTU3_Create
                                  fffe0763        67   func ,g         1
  _R_MTU3_C0_Start
                                  fffe07ca         c   func ,g         1
  _R_MTU3_C0_Stop
                                  fffe07d6         8   func ,g         0
FILE=.\src\cg_src\r_cg_port.obj
                                  fffe07de  fffe07ee        11
  _R_PORT_Create
                                  fffe07de        11   func ,g         1
FILE=.\src\cg_src\r_cg_sbrk.obj
                                  fffe07ef  fffe080f        21
  _sbrk
                                  fffe07ef        21   func ,g         0
FILE=.\src\cg_src\r_cg_sci.obj
                                  fffe0810  fffe0a20       211
  _R_SCI1_Create
                                  fffe0810        64   func ,g         1
  _R_SCI1_Start
                                  fffe0874        1b   func ,g         0
  _R_SCI1_Stop
                                  fffe088f        34   func ,g         0
  _R_SCI1_Serial_Receive
                                  fffe08c3        2c   func ,g         0
  _R_SCI1_Serial_Send
                                  fffe08ef        2e   func ,g         0
  _R_SCI5_Create
                                  fffe091d        63   func ,g         1
  _R_SCI5_Start
                                  fffe0980        17   func ,g         1
  _R_SCI5_Stop
                                  fffe0997        30   func ,g         0
  _R_SCI5_Serial_Receive
                                  fffe09c7        2c   func ,g         2
  _R_SCI5_Serial_Send
                                  fffe09f3        2e   func ,g         1
FILE=.\src\cg_src\r_cg_sci_user.obj
                                  fffe0a21  fffe0be6       1c6
  _r_sci1_transmit_interrupt
                                  fffe0a21        35   func ,l         0
  _r_sci1_transmitend_interrupt
                                  fffe0a56        1d   func ,l         0
  _r_sci1_receive_interrupt
                                  fffe0a73        42   func ,l         0
  _r_sci1_receiveerror_interrupt
                                  fffe0ab5        1d   func ,l         0
  _r_sci1_callback_receiveend
                                  fffe0ad2         1   func ,l         1
  _r_sci1_callback_receiveerror
                                  fffe0ad3         1   func ,l         1
  _r_sci5_transmit_interrupt
                                  fffe0ad4        35   func ,l         0
  _r_sci5_transmitend_interrupt
                                  fffe0b09        1d   func ,l         0
  _r_sci5_receive_interrupt
                                  fffe0b26        42   func ,l         0
  _r_sci5_callback_receiveend
                                  fffe0b68        16   func ,l         1
  _Receive_joint
                                  fffe0b7e        69   func ,g         1
FILE=__initsct
                                  fffe0be7  fffe0c30        4a
  __INITSCT
                                  fffe0be7         0   none ,g         1
  loop1
                                  fffe0bf9         0   none ,l         1
  next_loop1
                                  fffe0c07         0   none ,l         2
  loop3
                                  fffe0c19         0   none ,l         1
  next_loop3
                                  fffe0c2a         0   none ,l         2

SECTION=EXCEPTVECT
FILE=.\src\cg_src\r_cg_vecttbl.obj
                                  ffffff80  fffffffb        7c
  _Excpt_Vectors
                                  ffffff80        7c   data ,g         0

SECTION=RESETVECT
FILE=.\src\cg_src\r_cg_vecttbl.obj
                                  fffffffc  ffffffff         4
  _Reset_Vectors
                                  fffffffc         4   data ,g         0

*** Unfilled Areas ***

AREA                                START    END

*** Delete Symbols ***

SYMBOL                                SIZE    INFO
