Renesas Optimizing Linker (W2.06.00 )             05-Aug-2017 18:41:34

*** Options ***

-subcommand=LinkerSubCommand.tmp
-input="./src/cg_src/Navi.obj"
-input="./src/cg_src/data_transfer.obj"
-input="./src/cg_src/key.obj"
-input="./src/cg_src/r_cg_cgc.obj"
-input="./src/cg_src/r_cg_cgc_user.obj"
-input="./src/cg_src/r_cg_cmt.obj"
-input="./src/cg_src/r_cg_cmt_user.obj"
-input="./src/cg_src/r_cg_dbsct.obj"
-input="./src/cg_src/r_cg_hardware_setup.obj"
-input="./src/cg_src/r_cg_icu.obj"
-input="./src/cg_src/r_cg_icu_user.obj"
-input="./src/cg_src/r_cg_intprg.obj"
-input="./src/cg_src/r_cg_main.obj"
-input="./src/cg_src/r_cg_mtu3.obj"
-input="./src/cg_src/r_cg_mtu3_user.obj"
-input="./src/cg_src/r_cg_port.obj"
-input="./src/cg_src/r_cg_port_user.obj"
-input="./src/cg_src/r_cg_resetprg.obj"
-input="./src/cg_src/r_cg_sbrk.obj"
-input="./src/cg_src/r_cg_sci.obj"
-input="./src/cg_src/r_cg_sci_user.obj"
-input="./src/cg_src/r_cg_vecttbl.obj"
-input="./src/cg_src/scheduler.obj"
-input="./src/cg_src/servo.obj"
-start=SU,SI,B_1,R_1,B_2,R_2,B,R/04,PResetPRG,C_1,C_2,C,C$*,D*,W*,L,PIntPRG,P/0FFFE0000,EXCEPTVECT/0FFFFFF80,RESETVECT/0FFFFFFFC
-library=D:\RX23T\NAVI_R~1\HARDWA~2\RX23T.lib
-noprelink
-list=RX23T.map
-show
-nooptimize
-debug
-output=D:\RX23T\Navi_RX23T\HardwareDebug\RX23T.abs
-rom=D=R,D_1=R_1,D_2=R_2
-nocompress
-nomessage
-nologo

*** Error information ***

*** Mapping List ***

SECTION                            START      END         SIZE   ALIGN

SU
                                  00000004  00000103       100   4
SI
                                  00000104  00000403       300   4
B_1
                                  00000404  00000c0e       80b   1
R_1
                                  00000c0f  00000c1c         e   1
B_2
                                  00000c1e  00001043       426   2
R_2
                                  00001044  00001044         0   1
B
                                  00001044  0000105f        1c   4
R
                                  00001060  00001063         4   4
PResetPRG
                                  fffe0000  fffe003d        3e   1
C_1
                                  fffe003e  fffe003e         0   1
C_2
                                  fffe003e  fffe003e         0   1
C
                                  fffe0040  fffe0073        34   4
C$DSEC
                                  fffe0074  fffe0097        24   4
C$BSEC
                                  fffe0098  fffe00af        18   4
C$INIT
                                  fffe00b0  fffe00b0         0   1
C$VECT
                                  fffe00b0  fffe04af       400   4
C$VTBL
                                  fffe04b0  fffe04b0         0   1
D_1
                                  fffe04b0  fffe04bd         e   1
D
                                  fffe04c0  fffe04c3         4   4
D_2
                                  fffe04c4  fffe04c4         0   1
W
                                  fffe04c4  fffe04c4         0   1
W_1
                                  fffe04c4  fffe04c4         0   1
W_2
                                  fffe04c4  fffe04c4         0   1
L
                                  fffe04c4  fffe04c4         0   1
PIntPRG
                                  fffe04c4  fffe04d1         e   1
P
                                  fffe04d2  fffe10a9       bd8   1
EXCEPTVECT
                                  ffffff80  fffffffb        7c   4
RESETVECT
                                  fffffffc  ffffffff         4   4

*** Symbol List ***

SECTION=
FILE=                               START        END    SIZE
  SYMBOL                            ADDR        SIZE    INFO      COUNTS  OPT

SECTION=SU
FILE=.\src\cg_src\r_cg_resetprg.obj
                                  00000004  00000103       100

SECTION=SI
FILE=.\src\cg_src\r_cg_resetprg.obj
                                  00000104  00000403       300

SECTION=B_1
FILE=.\src\cg_src\Navi.obj
                                  00000404  0000041d        1a
  _f_info
                                  00000404         6   data ,g         4
  _Mission_Buffer
                                  0000040a        14   data ,g         6
FILE=.\src\cg_src\data_transfer.obj
                                  0000041e  00000428         b
  _TXBUF
                                  0000041e         a   data ,g         1
  _f_sta0$1
                                  00000428         1   data ,l         1
FILE=.\src\cg_src\r_cg_sci_user.obj
                                  00000429  00000c0e       7e6
  _Com_Data1
                                  00000429         1   data ,g         2
  _TxBuffer1
                                  0000042a       3e8   data ,g         2
  _Com_Data5
                                  00000812         1   data ,g         2
  _TxBuffer5
                                  00000813       3e8   data ,g         2
  _RxBuffer$4
                                  00000bfb         a   data ,l         1
  _RxBuffer$8
                                  00000c05         a   data ,l         1

SECTION=R_1
FILE=.\src\cg_src\Navi.obj
                                  00000c0f  00000c0f         1
  _Now_task
                                  00000c0f         1   data ,g         1
FILE=.\src\cg_src\r_cg_icu_user.obj
                                  00000c10  00000c10         1
  _m_cnt
                                  00000c10         1   data ,g         4
FILE=.\src\cg_src\r_cg_sci_user.obj
                                  00000c11  00000c1c         c
  _TXcount1
                                  00000c11         1   data ,g         2
  _count1
                                  00000c12         1   data ,g         2
  _send_stop_flag1
                                  00000c13         1   data ,g         2
  _TXcount5
                                  00000c14         1   data ,g         2
  _count5
                                  00000c15         1   data ,g         2
  _send_stop_flag5
                                  00000c16         1   data ,g         2
  __data_len$1
                                  00000c17         1   data ,l         1
  __data_cnt$2
                                  00000c18         1   data ,l         1
  _state$3
                                  00000c19         1   data ,l         1
  __data_len$5
                                  00000c1a         1   data ,l         1
  __data_cnt$6
                                  00000c1b         1   data ,l         1
  _state$7
                                  00000c1c         1   data ,l         1

SECTION=B_2
FILE=.\src\cg_src\r_cg_sbrk.obj
                                  00000c1e  0000101d       400
  _heap_area
                                  00000c1e       400   data ,l         2
FILE=.\src\cg_src\r_cg_sci.obj
                                  0000101e  00001029         c
  _g_sci1_tx_count
                                  0000101e         2   data ,g         2
  _g_sci1_rx_count
                                  00001020         2   data ,g         2
  _g_sci1_rx_length
                                  00001022         2   data ,g         2
  _g_sci5_tx_count
                                  00001024         2   data ,g         2
  _g_sci5_rx_count
                                  00001026         2   data ,g         2
  _g_sci5_rx_length
                                  00001028         2   data ,g         2
FILE=.\src\cg_src\scheduler.obj
                                  0000102a  00001043        1a
  _loop
                                  0000102a        1a   data ,g         2

SECTION=B
FILE=.\src\cg_src\r_cg_icu_user.obj
                                  00001044  00001047         4
  _set_finishfuck
                                  00001044         4   data ,g         2
FILE=.\src\cg_src\r_cg_sci.obj
                                  00001048  00001057        10
  _gp_sci1_tx_address
                                  00001048         4   data ,g         2
  _gp_sci1_rx_address
                                  0000104c         4   data ,g         2
  _gp_sci5_tx_address
                                  00001050         4   data ,g         2
  _gp_sci5_rx_address
                                  00001054         4   data ,g         2
FILE=.\src\cg_src\scheduler.obj
                                  00001058  0000105f         8
  _cnt$1
                                  00001058         4   data ,l         1
  _cmt$2
                                  0000105c         4   data ,l         1

SECTION=R
FILE=.\src\cg_src\r_cg_sbrk.obj
                                  00001060  00001063         4
  _brk
                                  00001060         4   data ,l         1

SECTION=PResetPRG
FILE=.\src\cg_src\r_cg_resetprg.obj
                                  fffe0000  fffe003d        3e
  _PowerON_Reset_PC
                                  fffe0000        3e   entry,g         1

SECTION=C
FILE=.\src\cg_src\r_cg_dbsct.obj
                                  fffe0040  fffe0073        34
  __CTBL
                                  fffe0040        34   data ,g         0

SECTION=C$DSEC
FILE=.\src\cg_src\r_cg_dbsct.obj
                                  fffe0074  fffe0097        24
  __DTBL
                                  fffe0074        24   data ,g         0

SECTION=C$BSEC
FILE=.\src\cg_src\r_cg_dbsct.obj
                                  fffe0098  fffe00af        18
  __BTBL
                                  fffe0098        18   data ,g         0

SECTION=C$VECT
FILE=.\src\cg_src\r_cg_dbsct.obj
                                  fffe00b0  fffe04af       400

SECTION=D_1
FILE=.\src\cg_src\Navi.obj
                                  fffe04b0  fffe04b0         1
FILE=.\src\cg_src\r_cg_icu_user.obj
                                  fffe04b1  fffe04b1         1
FILE=.\src\cg_src\r_cg_sci_user.obj
                                  fffe04b2  fffe04bd         c

SECTION=D
FILE=.\src\cg_src\r_cg_sbrk.obj
                                  fffe04c0  fffe04c3         4

SECTION=PIntPRG
FILE=.\src\cg_src\r_cg_intprg.obj
                                  fffe04c4  fffe04d1         e
  _r_undefined_exception
                                  fffe04c4         2   func ,g         1
  _r_privileged_exception
                                  fffe04c6         2   func ,g         1
  _r_floatingpoint_exception
                                  fffe04c8         2   func ,g         1
  _r_access_exception
                                  fffe04ca         2   func ,g         1
  _r_reserved_exception
                                  fffe04cc         2   func ,g        13
  _r_nmi_exception
                                  fffe04ce         2   func ,g         1
  _r_brk_exception
                                  fffe04d0         2   func ,g         0

SECTION=P
FILE=.\src\cg_src\Navi.obj
                                  fffe04d2  fffe04f9        28
  _Navigate
                                  fffe04d2        28   func ,g         1
FILE=.\src\cg_src\data_transfer.obj
                                  fffe04fa  fffe05df        e6
  _Data_Receive1_Cop
                                  fffe04fa        62   func ,g         1
  _data_trans
                                  fffe055c        18   func ,g         2
  _Data_Transmit1_Cop
                                  fffe0574         4   func ,g         0
  _Data_Receive5_Gnd
                                  fffe0578        64   func ,g         1
  _Data_Transmit5_Gnd
                                  fffe05dc         4   func ,g         1
FILE=.\src\cg_src\key.obj
                                  fffe05e0  fffe05ff        20
  _mode_setting
                                  fffe05e0        20   func ,g         0
FILE=.\src\cg_src\r_cg_cgc.obj
                                  fffe0600  fffe064b        4c
  _R_CGC_Create
                                  fffe0600        4c   func ,g         1
FILE=.\src\cg_src\r_cg_cmt.obj
                                  fffe064c  fffe069e        53
  _R_CMT0_Create
                                  fffe064c        2a   func ,g         1
  _R_CMT0_Start
                                  fffe0676        13   func ,g         1
  _R_CMT0_Stop
                                  fffe0689        16   func ,g         0
FILE=.\src\cg_src\r_cg_cmt_user.obj
                                  fffe069f  fffe06ac         e
  _r_cmt_cmi0_interrupt
                                  fffe069f         e   func ,l         0
FILE=.\src\cg_src\r_cg_hardware_setup.obj
                                  fffe06ad  fffe06e9        3d
  _R_Systeminit
                                  fffe06ad        3b   func ,g         1
  _HardwareSetup
                                  fffe06e8         2   func ,g         1
FILE=.\src\cg_src\r_cg_icu.obj
                                  fffe06ea  fffe07ef       106
  _R_ICU_Create
                                  fffe06ea        b6   func ,g         1
  _R_ICU_IRQ0_Start
                                  fffe07a0         8   func ,g         1
  _R_ICU_IRQ0_Stop
                                  fffe07a8         8   func ,g         1
  _R_ICU_IRQ1_Start
                                  fffe07b0         8   func ,g         1
  _R_ICU_IRQ1_Stop
                                  fffe07b8         8   func ,g         1
  _R_ICU_IRQ2_Start
                                  fffe07c0         8   func ,g         1
  _R_ICU_IRQ2_Stop
                                  fffe07c8         8   func ,g         1
  _R_ICU_IRQ4_Start
                                  fffe07d0         8   func ,g         1
  _R_ICU_IRQ4_Stop
                                  fffe07d8         8   func ,g         1
  _R_ICU_IRQ5_Start
                                  fffe07e0         8   func ,g         1
  _R_ICU_IRQ5_Stop
                                  fffe07e8         8   func ,g         1
FILE=.\src\cg_src\r_cg_icu_user.obj
                                  fffe07f0  fffe0883        94
  _r_icu_irq0_interrupt
                                  fffe07f0        26   func ,l         0
  _r_icu_irq1_interrupt
                                  fffe0816        17   func ,l         0
  _r_icu_irq2_interrupt
                                  fffe082d        1d   func ,l         0
  _r_icu_irq4_interrupt
                                  fffe084a        1d   func ,l         0
  _r_icu_irq5_interrupt
                                  fffe0867        1d   func ,l         0
FILE=.\src\cg_src\r_cg_main.obj
                                  fffe0884  fffe08ce        4b
  _main
                                  fffe0884         9   func ,g         1
  _R_MAIN_UserInit
                                  fffe088d        2e   func ,l         1
  _Exit_init
                                  fffe08bb        14   func ,g         0
FILE=.\src\cg_src\r_cg_mtu3.obj
                                  fffe08cf  fffe0949        7b
  _R_MTU3_Create
                                  fffe08cf        67   func ,g         1
  _R_MTU3_C0_Start
                                  fffe0936         c   func ,g         1
  _R_MTU3_C0_Stop
                                  fffe0942         8   func ,g         0
FILE=.\src\cg_src\r_cg_port.obj
                                  fffe094a  fffe095a        11
  _R_PORT_Create
                                  fffe094a        11   func ,g         1
FILE=.\src\cg_src\r_cg_sbrk.obj
                                  fffe095b  fffe097b        21
  _sbrk
                                  fffe095b        21   func ,g         0
FILE=.\src\cg_src\r_cg_sci.obj
                                  fffe097c  fffe0b95       21a
  _R_SCI1_Create
                                  fffe097c        64   func ,g         1
  _R_SCI1_Start
                                  fffe09e0        1b   func ,g         1
  _R_SCI1_Stop
                                  fffe09fb        34   func ,g         0
  _R_SCI1_Serial_Receive
                                  fffe0a2f        2c   func ,g         2
  _R_SCI1_Serial_Send
                                  fffe0a5b        2e   func ,g         2
  _R_SCI5_Create
                                  fffe0a89        64   func ,g         1
  _R_SCI5_Start
                                  fffe0aed        1b   func ,g         1
  _R_SCI5_Stop
                                  fffe0b08        34   func ,g         0
  _R_SCI5_Serial_Receive
                                  fffe0b3c        2c   func ,g         2
  _R_SCI5_Serial_Send
                                  fffe0b68        2e   func ,g         2
FILE=.\src\cg_src\r_cg_sci_user.obj
                                  fffe0b96  fffe0f2f       39a
  _r_sci1_transmit_interrupt
                                  fffe0b96        35   func ,l         0
  _r_sci1_transmitend_interrupt
                                  fffe0bcb        24   func ,l         0
  _r_sci1_receive_interrupt
                                  fffe0bef        42   func ,l         0
  _r_sci1_receiveerror_interrupt
                                  fffe0c31        1d   func ,l         0
  _r_sci1_callback_transmitend
                                  fffe0c4e        3a   func ,l         1
  _r_sci1_callback_receiveend
                                  fffe0c88        17   func ,l         1
  _r_sci1_callback_receiveerror
                                  fffe0c9f         1   func ,l         1
  _r_sci5_transmit_interrupt
                                  fffe0ca0        35   func ,l         0
  _r_sci5_transmitend_interrupt
                                  fffe0cd5        24   func ,l         0
  _r_sci5_receive_interrupt
                                  fffe0cf9        42   func ,l         0
  _r_sci5_receiveerror_interrupt
                                  fffe0d3b        1d   func ,l         0
  _r_sci5_callback_transmitend
                                  fffe0d58        3a   func ,l         1
  _r_sci5_callback_receiveend
                                  fffe0d92        17   func ,l         1
  _r_sci5_callback_receiveerror
                                  fffe0da9         1   func ,l         1
  _Receive1_joint
                                  fffe0daa        69   func ,g         1
  _SCI1_Send
                                  fffe0e13        5a   func ,g         1
  _Receive5_joint
                                  fffe0e6d        69   func ,g         1
  _SCI5_Send
                                  fffe0ed6        5a   func ,g         1
FILE=.\src\cg_src\scheduler.obj
                                  fffe0f30  fffe1020        f1
  _Duty_50ms
                                  fffe0f30         4   func ,g         1
  _Duty_100ms
                                  fffe0f34        60   func ,g         1
  _Duty_2s
                                  fffe0f94         1   func ,g         1
  _Loop_check
                                  fffe0f95        50   func ,g         1
  _Duty_Loop
                                  fffe0fe5        3c   func ,g         1
FILE=.\src\cg_src\servo.obj
                                  fffe1021  fffe105f        3f
  _ctrl_servo
                                  fffe1021        3f   func ,g         0
FILE=__initsct
                                  fffe1060  fffe10a9        4a
  __INITSCT
                                  fffe1060         0   none ,g         1
  loop1
                                  fffe1072         0   none ,l         1
  next_loop1
                                  fffe1080         0   none ,l         2
  loop3
                                  fffe1092         0   none ,l         1
  next_loop3
                                  fffe10a3         0   none ,l         2

SECTION=EXCEPTVECT
FILE=.\src\cg_src\r_cg_vecttbl.obj
                                  ffffff80  fffffffb        7c
  _Excpt_Vectors
                                  ffffff80        7c   data ,g         0

SECTION=RESETVECT
FILE=.\src\cg_src\r_cg_vecttbl.obj
                                  fffffffc  ffffffff         4
  _Reset_Vectors
                                  fffffffc         4   data ,g         0

*** Unfilled Areas ***

AREA                                START    END

*** Delete Symbols ***

SYMBOL                                SIZE    INFO
